// Jest Snapshot v1, https://goo.gl/fbAQLP

exports[`Search should render correctly in dark 1`] = `
<View
  style={
    {
      "alignItems": "center",
      "flexDirection": "row",
      "justifyContent": "flex-start",
      "width": "100%",
    }
  }
>
  <View
    style={
      {
        "alignItems": "center",
        "backgroundColor": "#2F3036",
        "borderRadius": 100,
        "flexDirection": "row",
        "height": "100%",
        "padding": 10,
        "width": "100%",
      }
    }
  >
    <ViewManagerAdapter_SymbolModule
      animated={false}
      colors={[]}
      name="magnifyingglass"
      resizeMode="scaleAspectFit"
      style={
        [
          {
            "height": 24,
            "width": 24,
          },
          [
            {
              "height": 24,
              "width": 24,
            },
            undefined,
          ],
        ]
      }
      tintColor="#8F9098"
      type="monochrome"
      weight="regular"
    />
    <TextInput
      accessible={true}
      multiline={false}
      onChangeText={[MockFunction]}
      onSubmitEditing={[MockFunction]}
      returnKeyType="search"
      style={
        {
          "color": "white",
          "fontFamily": "SFProText-Regular",
          "fontWeight": "500",
          "height": "100%",
          "marginLeft": 10,
          "width": "90%",
        }
      }
      testID="Search"
      value="Text"
    />
  </View>
</View>
`;

exports[`Search should render correctly in dark with multiline 1`] = `
<View
  style={
    {
      "alignItems": "center",
      "flexDirection": "row",
      "justifyContent": "flex-start",
      "width": "100%",
    }
  }
>
  <View
    style={
      {
        "alignItems": "center",
        "backgroundColor": "#2F3036",
        "borderRadius": 100,
        "flexDirection": "row",
        "height": "100%",
        "padding": 10,
        "width": "100%",
      }
    }
  >
    <ViewManagerAdapter_SymbolModule
      animated={false}
      colors={[]}
      name="magnifyingglass"
      resizeMode="scaleAspectFit"
      style={
        [
          {
            "height": 24,
            "width": 24,
          },
          [
            {
              "height": 24,
              "width": 24,
            },
            undefined,
          ],
        ]
      }
      tintColor="#8F9098"
      type="monochrome"
      weight="regular"
    />
    <TextInput
      accessible={true}
      multiline={false}
      onChangeText={[MockFunction]}
      onSubmitEditing={[MockFunction]}
      returnKeyType="search"
      style={
        {
          "color": "white",
          "fontFamily": "SFProText-Regular",
          "fontWeight": "500",
          "height": "100%",
          "marginLeft": 10,
          "width": "90%",
        }
      }
      testID="Search"
      value="Text"
    />
  </View>
</View>
`;

exports[`Search should render correctly in light 1`] = `
<View
  style={
    {
      "alignItems": "center",
      "flexDirection": "row",
      "justifyContent": "flex-start",
      "width": "100%",
    }
  }
>
  <View
    style={
      {
        "alignItems": "center",
        "backgroundColor": "#2F3036",
        "borderRadius": 100,
        "flexDirection": "row",
        "height": "100%",
        "padding": 10,
        "width": "100%",
      }
    }
  >
    <ViewManagerAdapter_SymbolModule
      animated={false}
      colors={[]}
      name="magnifyingglass"
      resizeMode="scaleAspectFit"
      style={
        [
          {
            "height": 24,
            "width": 24,
          },
          [
            {
              "height": 24,
              "width": 24,
            },
            undefined,
          ],
        ]
      }
      tintColor="#8F9098"
      type="monochrome"
      weight="regular"
    />
    <TextInput
      accessible={true}
      multiline={false}
      onChangeText={[MockFunction]}
      onSubmitEditing={[MockFunction]}
      returnKeyType="search"
      style={
        {
          "color": "white",
          "fontFamily": "SFProText-Regular",
          "fontWeight": "500",
          "height": "100%",
          "marginLeft": 10,
          "width": "90%",
        }
      }
      testID="Search"
      value="Text"
    />
  </View>
</View>
`;

exports[`Search should render correctly in light with multiline 1`] = `
<View
  style={
    {
      "alignItems": "center",
      "flexDirection": "row",
      "justifyContent": "flex-start",
      "width": "100%",
    }
  }
>
  <View
    style={
      {
        "alignItems": "center",
        "backgroundColor": "#2F3036",
        "borderRadius": 100,
        "flexDirection": "row",
        "height": "100%",
        "padding": 10,
        "width": "100%",
      }
    }
  >
    <ViewManagerAdapter_SymbolModule
      animated={false}
      colors={[]}
      name="magnifyingglass"
      resizeMode="scaleAspectFit"
      style={
        [
          {
            "height": 24,
            "width": 24,
          },
          [
            {
              "height": 24,
              "width": 24,
            },
            undefined,
          ],
        ]
      }
      tintColor="#8F9098"
      type="monochrome"
      weight="regular"
    />
    <TextInput
      accessible={true}
      multiline={false}
      onChangeText={[MockFunction]}
      onSubmitEditing={[MockFunction]}
      returnKeyType="search"
      style={
        {
          "color": "white",
          "fontFamily": "SFProText-Regular",
          "fontWeight": "500",
          "height": "100%",
          "marginLeft": 10,
          "width": "90%",
        }
      }
      testID="Search"
      value="Text"
    />
  </View>
</View>
`;
